
        SystemC 2.3.4-Accellera --- Apr 22 2024 14:54:19
        Copyright (c) 1996-2022 by all Contributors,
        ALL RIGHTS RESERVED

Info: /OSCI/SystemC: Simulation stopped by user.
=== Bidirectional UCIe SystemC Simulation ===
workload=internal, transactions=3000, memory_delay=32 UI
flit_format=Standard 256B, payload_capacity=236B
lanes=64, rate=24.000000 GT/s, mod=PAM4, UI=41.666667 ps, serialize=16 UI

Requests delivered          : 3000/3000
Responses delivered         : 3000/3000
Completed payload bytes     : 708000
Active link time            : 2003.516199 ns
Completed payload throughput: 2827.029801 Gbps
One-direction raw capacity  : 3072.000000 Gbps
Bandwidth utilization       : 92.025710 %
Round-trip Avg/P50/P95/P99   : 4.166700/4.166700/4.166700/4.166700 ns
Forward/reverse avg latency : 1.416678/1.416678 ns

FWD TX new/replay, ACK/NAK : 3000/0, 3000/0
FWD CRC/seq fail, PHY frames: 0/0, 3000
REV TX new/replay, ACK/NAK : 3000/0, 2998/0
REV CRC/seq fail, PHY frames: 0/0, 3000

Aggregate symbol error rate : 0.000000000
Aggregate bit error rate    : 0.000000000
Observed flit fail rate     : 0.000000000
Forward/reverse integrity   : 0/0
Total integrity errors      : 0
