
        SystemC 2.3.4-Accellera --- Apr 22 2024 14:54:19
        Copyright (c) 1996-2022 by all Contributors,
        ALL RIGHTS RESERVED

Info: /OSCI/SystemC: Simulation stopped by user.
=== Bidirectional UCIe SystemC Simulation ===
workload=internal, transactions=3000, memory_delay=32 UI
flit_format=Standard 256B, payload_capacity=236B
lanes=16, rate=48.000000 GT/s, mod=PAM4, UI=20.833333 ps, serialize=64 UI

Requests delivered          : 3000/3000
Responses delivered         : 3000/3000
Completed payload bytes     : 708000
Active link time            : 4008.019033 ns
Completed payload throughput: 1413.166942 Gbps
One-direction raw capacity  : 1536.000000 Gbps
Bandwidth utilization       : 92.003056 %
Round-trip Avg/P50/P95/P99   : 6.514278/6.749892/9.416516/9.416516 ns
Forward/reverse avg latency : 3.733128/2.114494 ns

FWD TX new/replay, ACK/NAK : 3000/2, 3000/1
FWD CRC/seq fail, PHY frames: 1/1, 3002
REV TX new/replay, ACK/NAK : 3000/2, 2999/1
REV CRC/seq fail, PHY frames: 1/1, 3002

Aggregate symbol error rate : 0.000000325
Aggregate bit error rate    : 0.000000163
Observed flit fail rate     : 0.000666223
Forward/reverse integrity   : 0/0
Total integrity errors      : 0
