
        SystemC 2.3.4-Accellera --- Apr 22 2024 14:54:19
        Copyright (c) 1996-2022 by all Contributors,
        ALL RIGHTS RESERVED

Info: /OSCI/SystemC: Simulation stopped by user.
=== Bidirectional UCIe SystemC Simulation ===
workload=internal, transactions=3000, memory_delay=32 UI
flit_format=Standard 256B, payload_capacity=236B
lanes=16, rate=24.000000 GT/s, mod=PAM4, UI=41.666667 ps, serialize=64 UI

Requests delivered          : 3000/3000
Responses delivered         : 3000/3000
Completed payload bytes     : 708000
Active link time            : 8016.230967 ns
Completed payload throughput: 706.566468 Gbps
One-direction raw capacity  : 768.000000 Gbps
Bandwidth utilization       : 92.000842 %
Round-trip Avg/P50/P95/P99   : 13.028868/13.500108/18.833484/18.833484 ns
Forward/reverse avg latency : 7.466435/4.229089 ns

FWD TX new/replay, ACK/NAK : 3000/2, 3000/1
FWD CRC/seq fail, PHY frames: 1/1, 3002
REV TX new/replay, ACK/NAK : 3000/2, 2999/1
REV CRC/seq fail, PHY frames: 1/1, 3002

Aggregate symbol error rate : 0.000000325
Aggregate bit error rate    : 0.000000163
Observed flit fail rate     : 0.000666223
Forward/reverse integrity   : 0/0
Total integrity errors      : 0
