
        SystemC 2.3.4-Accellera --- Apr 22 2024 14:54:19
        Copyright (c) 1996-2022 by all Contributors,
        ALL RIGHTS RESERVED

Info: /OSCI/SystemC: Simulation stopped by user.
=== Bidirectional UCIe SystemC Simulation ===
workload=internal, transactions=3000, memory_delay=32 UI
flit_format=Standard 256B, payload_capacity=236B
lanes=16, rate=24.000000 GT/s, mod=PAM4, UI=41.666667 ps, serialize=64 UI

Requests delivered          : 3000/3000
Responses delivered         : 3000/3000
Completed payload bytes     : 708000
Active link time            : 8229.566007 ns
Completed payload throughput: 688.250145 Gbps
One-direction raw capacity  : 768.000000 Gbps
Bandwidth utilization       : 89.615904 %
Round-trip Avg/P50/P95/P99   : 122.174630/125.501004/200.168268/205.501644 ns
Forward/reverse avg latency : 108.098351/12.742935 ns

FWD TX new/replay, ACK/NAK : 3000/76, 3000/38
FWD CRC/seq fail, PHY frames: 38/38, 3076
REV TX new/replay, ACK/NAK : 3000/68, 2999/34
REV CRC/seq fail, PHY frames: 34/34, 3068

Aggregate symbol error rate : 0.000011603
Aggregate bit error rate    : 0.000005802
Observed flit fail rate     : 0.023437500
Forward/reverse integrity   : 0/0
Total integrity errors      : 0
