
        SystemC 2.3.4-Accellera --- Apr 22 2024 14:54:19
        Copyright (c) 1996-2022 by all Contributors,
        ALL RIGHTS RESERVED

Info: /OSCI/SystemC: Simulation stopped by user.
=== Bidirectional UCIe SystemC Simulation ===
workload=internal, transactions=3000, memory_delay=32 UI
flit_format=Standard 256B, payload_capacity=236B
lanes=16, rate=32.000000 GT/s, mod=PAM4, UI=31.250000 ps, serialize=64 UI

Requests delivered          : 3000/3000
Responses delivered         : 3000/3000
Completed payload bytes     : 708000
Active link time            : 7060.125000 ns
Completed payload throughput: 802.252085 Gbps
One-direction raw capacity  : 1024.000000 Gbps
Bandwidth utilization       : 78.344930 %
Round-trip Avg/P50/P95/P99   : 166.895292/170.125000/242.125000/290.125000 ns
Forward/reverse avg latency : 140.751781/25.143510 ns

FWD TX new/replay, ACK/NAK : 3000/508, 3000/182
FWD CRC/seq fail, PHY frames: 183/325, 3508
REV TX new/replay, ACK/NAK : 3000/366, 2999/166
REV CRC/seq fail, PHY frames: 179/187, 3366

Aggregate symbol error rate : 0.000053133
Aggregate bit error rate    : 0.000026566
Observed flit fail rate     : 0.127145767
Forward/reverse integrity   : 0/0
Total integrity errors      : 0
