
        SystemC 2.3.4-Accellera --- Apr 22 2024 14:54:19
        Copyright (c) 1996-2022 by all Contributors,
        ALL RIGHTS RESERVED

Info: /OSCI/SystemC: Simulation stopped by user.
=== Bidirectional UCIe SystemC Simulation ===
workload=internal, transactions=1500, memory_delay=32 UI
flit_format=Standard 256B, payload_capacity=236B
lanes=16, rate=24.000000 GT/s, mod=PAM4, UI=41.666667 ps, serialize=64 UI

Requests delivered          : 1500/1500
Responses delivered         : 1500/1500
Completed payload bytes     : 354000
Active link time            : 4005.532215 ns
Completed payload throughput: 707.022150 Gbps
One-direction raw capacity  : 768.000000 Gbps
Bandwidth utilization       : 92.060176 %
Round-trip Avg/P50/P95/P99   : 8.166704/8.166732/8.166732/8.166732 ns
Forward/reverse avg latency : 3.416666/3.416694 ns

FWD TX new/replay, ACK/NAK : 1500/0, 1500/0
FWD CRC/seq fail, PHY frames: 0/0, 1500
REV TX new/replay, ACK/NAK : 1500/0, 1499/0
REV CRC/seq fail, PHY frames: 0/0, 1500

Aggregate symbol error rate : 0.000000000
Aggregate bit error rate    : 0.000000000
Observed flit fail rate     : 0.000000000
Forward/reverse integrity   : 0/0
Total integrity errors      : 0
