
        SystemC 2.3.4-Accellera --- Apr 22 2024 14:54:19
        Copyright (c) 1996-2022 by all Contributors,
        ALL RIGHTS RESERVED

Info: /OSCI/SystemC: Simulation stopped by user.
=== Bidirectional UCIe SystemC Simulation ===
workload=internal, transactions=3000, memory_delay=32 UI
flit_format=Standard 256B, payload_capacity=236B
lanes=16, rate=24.000000 GT/s, mod=PAM4, UI=41.666667 ps, serialize=64 UI

Requests delivered          : 3000/3000
Responses delivered         : 3000/3000
Completed payload bytes     : 708000
Active link time            : 9413.575479 ns
Completed payload throughput: 601.684239 Gbps
One-direction raw capacity  : 768.000000 Gbps
Bandwidth utilization       : 78.344302 %
Round-trip Avg/P50/P95/P99   : 222.528836/226.835148/322.835916/386.836428 ns
Forward/reverse avg latency : 187.670543/33.524949 ns

FWD TX new/replay, ACK/NAK : 3000/508, 3000/182
FWD CRC/seq fail, PHY frames: 183/325, 3508
REV TX new/replay, ACK/NAK : 3000/366, 2999/166
REV CRC/seq fail, PHY frames: 179/187, 3366

Aggregate symbol error rate : 0.000053133
Aggregate bit error rate    : 0.000026566
Observed flit fail rate     : 0.127145767
Forward/reverse integrity   : 0/0
Total integrity errors      : 0
